[    8306ms] [INFO] %cDownload the React DevTools for a better development experience: https://reactjs.org/link/react-devtools font-weight:bold @ webpack-internal:///(app-pages-browser)/./node_modules/.pnpm/next@14.2.35_react-dom@18.3.1_react@18.3.1__react@18.3.1/node_modules/next/dist/compiled/react-dom/cjs/react-dom.development.js:38559
[   93622ms] [LOG] [Fast Refresh] rebuilding @ webpack-internal:///(app-pages-browser)/./node_modules/.pnpm/next@14.2.35_react-dom@18.3.1_react@18.3.1__react@18.3.1/node_modules/next/dist/client/components/react-dev-overlay/app/hot-reloader-client.js:186
[   94212ms] [ERROR] ./src/app/(private)/home/_components/OsListTable.tsx
Error: 
  x Unexpected token `section`. Expected jsx identifier
     ,-[C:\Users\roger\Documentos\Solutii\Clientes\SOLUTII\Projetos\gerproj-solutii\src\app\(private)\home\_components\OsListTable.tsx:95:1]
  95 |     }
  96 | 
  97 |     return (
  98 |         <section className="w-full sm:text-sm text-xs pt-4 overflow-auto">
     :          ^^^^^^^
  99 |             <div className="rounded-xl overflow-hidden border border-slate-200">
 100 |             <table className="w-full min-w-full border-collapse [&_th]:border-r [&_th]:border-white/20 [&_td]:border-r [&_td]:border-slate-200 [&_tr>*:last-child]:border-r-0 [&_tr>*:first-child]:border-l [&_th:first-child]:border-white/20 [&_td:first-child]:border-slate-200">
 101 |                 <thead>
     `----

Caused by:
    Syntax Error

Import trace for requested module:
./src/app/(private)/home/_components/OsListTable.tsx
./src/app/(private)/home/page.tsx @ webpack-internal:///(app-pages-browser)/./node_modules/.pnpm/next@14.2.35_react-dom@18.3.1_react@18.3.1__react@18.3.1/node_modules/next/dist/client/app-index.js:32
[   94804ms] [ERROR] ./src/app/(private)/home/_components/OsListTable.tsx
Error: 
  x Unexpected token `section`. Expected jsx identifier
     ,-[C:\Users\roger\Documentos\Solutii\Clientes\SOLUTII\Projetos\gerproj-solutii\src\app\(private)\home\_components\OsListTable.tsx:95:1]
  95 |     }
  96 | 
  97 |     return (
  98 |         <section className="w-full sm:text-sm text-xs pt-4 overflow-auto">
     :          ^^^^^^^
  99 |             <div className="rounded-xl overflow-hidden border border-slate-200">
 100 |             <table className="w-full min-w-full border-collapse [&_th]:border-r [&_th]:border-white/20 [&_td]:border-r [&_td]:border-slate-200 [&_tr>*:last-child]:border-r-0 [&_tr>*:first-child]:border-l [&_th:first-child]:border-white/20 [&_td:first-child]:border-slate-200">
 101 |                 <thead>
     `----

Caused by:
    Syntax Error

Import trace for requested module:
./src/app/(private)/home/_components/OsListTable.tsx
./src/app/(private)/home/page.tsx @ webpack-internal:///(app-pages-browser)/./node_modules/.pnpm/next@14.2.35_react-dom@18.3.1_react@18.3.1__react@18.3.1/node_modules/next/dist/client/app-index.js:32
[  105843ms] [ERROR] ./src/app/(private)/home/_components/OsListTable.tsx
Error: 
  x Unexpected token `section`. Expected jsx identifier
     ,-[C:\Users\roger\Documentos\Solutii\Clientes\SOLUTII\Projetos\gerproj-solutii\src\app\(private)\home\_components\OsListTable.tsx:95:1]
  95 |     }
  96 | 
  97 |     return (
  98 |         <section className="w-full sm:text-sm text-xs pt-4 overflow-auto">
     :          ^^^^^^^
  99 |             <div className="rounded-xl overflow-hidden border border-slate-200">
 100 |             <table className="w-full min-w-full border-collapse [&_th]:border-r [&_th]:border-white/20 [&_td]:border-r [&_td]:border-slate-200 [&_tr>*:last-child]:border-r-0 [&_tr>*:first-child]:border-l [&_th:first-child]:border-white/20 [&_td:first-child]:border-slate-200">
 101 |                 <thead>
     `----

Caused by:
    Syntax Error

Import trace for requested module:
./src/app/(private)/home/_components/OsListTable.tsx
./src/app/(private)/home/page.tsx @ webpack-internal:///(app-pages-browser)/./node_modules/.pnpm/next@14.2.35_react-dom@18.3.1_react@18.3.1__react@18.3.1/node_modules/next/dist/client/app-index.js:32
[  108221ms] [LOG] [Fast Refresh] done in 14600ms @ webpack-internal:///(app-pages-browser)/./node_modules/.pnpm/next@14.2.35_react-dom@18.3.1_react@18.3.1__react@18.3.1/node_modules/next/dist/client/components/react-dev-overlay/app/hot-reloader-client.js:43
